
> cyclex-fe@0.1.0 build D:\VSCodeProject\SWP\CycleX-FE
> next build

Γû▓ Next.js 16.1.3 (Turbopack)

  Creating an optimized production build ...
Γ£ô Compiled successfully in 10.9s
  Running TypeScript ...
  Collecting page data using 19 workers ...
  Generating static pages using 19 workers (0/41) ...
  Generating static pages using 19 workers (10/41) 
  Generating static pages using 19 workers (20/41) 
  Generating static pages using 19 workers (30/41) 
Γ£ô Generating static pages using 19 workers (41/41) in 833.7ms
  Finalizing page optimization ...

Route (app)
Γöî Γùï /
Γö£ Γùï /_not-found
Γö£ Γùï /admin/audit-logs
Γö£ Γùï /admin/dashboard
Γö£ Γùï /admin/disputes
Γö£ ╞Æ /admin/disputes/[id]
Γö£ ╞Æ /admin/disputes/[id]/resolution
Γö£ Γùï /admin/users
Γö£ ╞Æ /api/files/[...path]
Γö£ ╞Æ /api/listings/upload-image
Γö£ ╞Æ /api/upload-video
Γö£ Γùï /buyer/disputes
Γö£ Γùï /buyer/transactions
Γö£ ╞Æ /disputes/[id]
Γö£ Γùï /forgot-password
Γö£ Γùï /inquiries
Γö£ Γùï /inspector/dashboard
Γö£ Γùï /inspector/disputes
Γö£ ╞Æ /inspector/disputes/[id]
Γö£ ╞Æ /inspector/disputes/[id]/resolution
Γö£ Γùï /inspector/inspector-chat
Γö£ Γùï /inspector/inspector-checklist
Γö£ Γùï /inspector/inspector-request-detail
Γö£ Γùï /inspector/inspector-summary
Γö£ Γùï /inspector/pending-list
Γö£ ╞Æ /inspector/review-detail
Γö£ Γùï /inspector/review-history
Γö£ Γùï /listings
Γö£ ╞Æ /listings/[id]
Γö£ Γùï /login
Γö£ Γùï /notifications
Γö£ Γùï /profile
Γö£ Γùï /purchase-request
Γö£ Γùï /ratings
Γö£ Γùï /register
Γö£ Γùï /seller/create-listing
Γö£ Γùï /seller/dashboard
Γö£ Γùï /seller/draft-listings
Γö£ Γùï /seller/listing-status
Γö£ Γùï /seller/my-listings
Γö£ Γùï /seller/transactions
Γö£ Γùï /seller/transactions/history
Γö£ Γùï /seller/transactions/pending
Γö£ Γùï /shipper
Γö£ Γùï /shipper/deliveries
Γö£ ╞Æ /shipper/deliveries/[id]
Γö£ ╞Æ /shipper/delivery-confirm/[id]
Γö£ ╞Æ /shipper/delivery-failed/[id]
Γö£ ╞Æ /transactions/[id]
Γöö Γùï /verify-email


Γùï  (Static)   prerendered as static content
╞Æ  (Dynamic)  server-rendered on demand

